Error: rule 'dne/dne' does not exist in the ruleset
Usage:
  rules remove <rulename> [flags]

Examples:
  rules remove vercel/nextjs
  rules remove redis --delete
  rules remove workos/authkit-nextjs --delete --force
  rules remove gh:owner/repo --delete

Flags:
      --delete   Also delete rule files from disk
      --force    Skip confirmation prompts
  -h, --help     help for remove

Global Flags:
      --config string   config file (default is $HOME/.rules-cli/rules-cli.yaml)
      --format string   rule format (default is set in config)

rule 'dne/dne' does not exist in the ruleset
