Generate the autocompletion script for rules for the specified shell.
See each sub-command's help for details on how to use the generated script.

Usage:
  rules completion [command]

Available Commands:
  bash        Generate the autocompletion script for bash
  fish        Generate the autocompletion script for fish
  powershell  Generate the autocompletion script for powershell
  zsh         Generate the autocompletion script for zsh

Flags:
  -h, --help   help for completion

Global Flags:
      --config string   config file (default is $HOME/.rules-cli/rules-cli.yaml)
      --format string   rule format (default is set in config)

Use "rules completion [command] --help" for more information about a command.
